([1m[35mTranslationUnit[39m[0m 
   ([33mSymbolTable[39m 
      1 
      {
         main0: 
            ([1m[35mSubroutine[39m[0m 
               ([33mSymbolTable[39m 
                  2 
                  {
                     x: 
                        ([1m[35mVariable[39m[0m 
                           2 
                           x [1m[32m
                           Local[39m[0m () () [1m[32m
                           Default[39m[0m 
                           ([1m[35mInteger[39m[0m 4 []) [1m[32m
                           Source[39m[0m [1m[32m
                           Public[39m[0m [1m[32m
                           Required[39m[0m .false.), 
                     x2: 
                        ([1m[35mVariable[39m[0m 
                           2 
                           x2 [1m[32m
                           Local[39m[0m () () [1m[32m
                           Default[39m[0m 
                           ([1m[35mInteger[39m[0m 8 []) [1m[32m
                           Source[39m[0m [1m[32m
                           Public[39m[0m [1m[32m
                           Required[39m[0m .false.), 
                     y: 
                        ([1m[35mVariable[39m[0m 
                           2 
                           y [1m[32m
                           Local[39m[0m () () [1m[32m
                           Default[39m[0m 
                           ([1m[35mReal[39m[0m 4 []) [1m[32m
                           Source[39m[0m [1m[32m
                           Public[39m[0m [1m[32m
                           Required[39m[0m .false.), 
                     y2: 
                        ([1m[35mVariable[39m[0m 
                           2 
                           y2 [1m[32m
                           Local[39m[0m () () [1m[32m
                           Default[39m[0m 
                           ([1m[35mReal[39m[0m 8 []) [1m[32m
                           Source[39m[0m [1m[32m
                           Public[39m[0m [1m[32m
                           Required[39m[0m .false.)
                  }) 
               main0 [] [
               ([1m[35m=[39m[0m 
                  ([1m[35mVar[39m[0m 2 [33mx[39m) 
                  ([1m[35mIntegerBinOp[39m[0m 
                     ([1m[35mIntegerBinOp[39m[0m ([1m[35mIntegerConstant[39m[0m [36m2[39m 
                        ([1m[35mInteger[39m[0m 4 [])) [1m[32m
                        Add[39m[0m ([1m[35mIntegerConstant[39m[0m [36m3[39m 
                        ([1m[35mInteger[39m[0m 4 [])) 
                        ([1m[35mInteger[39m[0m 4 []) ([1m[35mIntegerConstant[39m[0m [36m5[39m 
                        ([1m[35mInteger[39m[0m 4 []))) [1m[32m
                     Mul[39m[0m ([1m[35mIntegerConstant[39m[0m [36m5[39m 
                     ([1m[35mInteger[39m[0m 4 [])) 
                     ([1m[35mInteger[39m[0m 4 []) ([1m[35mIntegerConstant[39m[0m [36m25[39m 
                     ([1m[35mInteger[39m[0m 4 []))) ()) 
               ([1m[35mPrint[39m[0m () [
                  ([1m[35mVar[39m[0m 2 [33mx[39m)] () ())] [1m[32m
               Source[39m[0m [1m[32m
               Public[39m[0m [1m[32m
               Implementation[39m[0m () .false. .false.)
      }) 
   [
   ([1m[35mSubroutineCall[39m[0m 1 [33mmain0[39m () [] ())])
(TranslationUnit (SymbolTable 1 {_lpython_main_program: (Subroutine (SymbolTable 4 {}) _lpython_main_program [] [(SubroutineCall 1 main0 () [] ())] Source Public Implementation () .false. .false.), main0: (Subroutine (SymbolTable 2 {x: (Variable 2 x Local () () Default (Integer 4 []) Source Public Required .false.), x2: (Variable 2 x2 Local () () Default (Integer 8 []) Source Public Required .false.), y: (Variable 2 y Local () () Default (Real 4 []) Source Public Required .false.), y2: (Variable 2 y2 Local () () Default (Real 8 []) Source Public Required .false.)}) main0 [] [(= (Var 2 x) (IntegerBinOp (IntegerBinOp (IntegerConstant 2 (Integer 4 [])) Add (IntegerConstant 3 (Integer 4 [])) (Integer 4 []) (IntegerConstant 5 (Integer 4 []))) Mul (IntegerConstant 5 (Integer 4 [])) (Integer 4 []) (IntegerConstant 25 (Integer 4 []))) ()) (Print () [(Var 2 x)] () ())] Source Public Implementation () .false. .false.), main_program: (Program (SymbolTable 3 {}) main_program [] [(SubroutineCall 1 _lpython_main_program () [] ())])}) [])
