(TranslationUnit (SymbolTable 1 {T: (Variable 1 T Local () () Default (TypeParameter T [] Number) Source Public Required .false.), __lpython_generic_sum_0: (Function (SymbolTable 3 {_lpython_return_variable: (Variable 3 _lpython_return_variable ReturnVar () () Default (Integer 4 []) Source Public Required .false.), acc: (Variable 3 acc In () () Default (Integer 4 []) Source Public Required .false.), i: (Variable 3 i Local () () Default (Integer 4 []) Source Public Required .false.), lst: (Variable 3 lst In () () Default (List (Integer 4 [])) Source Public Required .false.)}) __lpython_generic_sum_0 [(Var 3 lst) (Var 3 acc)] [] [(DoLoop ((Var 3 i) (IntegerConstant 0 (Integer 4 [])) (IntegerBinOp (ListLen (Var 3 lst) (Integer 4 []) ()) Sub (IntegerConstant 1 (Integer 4 [])) (Integer 4 []) ()) (IntegerConstant 1 (Integer 4 []))) [(= (Var 3 acc) (IntegerBinOp (Var 3 acc) Add (ListItem (Var 3 lst) (Var 3 i) (Integer 4 []) ()) (Integer 4 []) ()) ())]) (= (Var 3 _lpython_return_variable) (Var 3 acc) ()) (Return)] (Var 3 _lpython_return_variable) Source Public Implementation .false. ()), _lpython_main_program: (Subroutine (SymbolTable 5 {}) _lpython_main_program [] [(Print () [(FunctionCall 1 __lpython_generic_sum_0 () [((ListConstant [(IntegerConstant 1 (Integer 4 [])) (IntegerConstant 2 (Integer 4 [])) (IntegerConstant 3 (Integer 4 [])) (IntegerConstant 4 (Integer 4 [])) (IntegerConstant 5 (Integer 4 []))] (List (Integer 4 [])))) ((IntegerConstant 0 (Integer 4 [])))] (Integer 4 []) () ())] () ())] Source Public Implementation () .false. .false.), main_program: (Program (SymbolTable 4 {}) main_program [] [(SubroutineCall 1 _lpython_main_program () [] ())]), sum: (Function (SymbolTable 2 {_lpython_return_variable: (Variable 2 _lpython_return_variable ReturnVar () () Default (TypeParameter T [] Number) Source Public Required .false.), acc: (Variable 2 acc In () () Default (TypeParameter T [] Number) Source Public Required .false.), i: (Variable 2 i Local () () Default (Integer 4 []) Source Public Required .false.), lst: (Variable 2 lst In () () Default (List (TypeParameter T [] Number)) Source Public Required .false.)}) sum [(Var 2 lst) (Var 2 acc)] [(TypeParameter T [] Assignable)] [(DoLoop ((Var 2 i) (IntegerConstant 0 (Integer 4 [])) (IntegerBinOp (ListLen (Var 2 lst) (Integer 4 []) ()) Sub (IntegerConstant 1 (Integer 4 [])) (Integer 4 []) ()) (IntegerConstant 1 (Integer 4 []))) [(= (Var 2 acc) (TemplateBinOp (Var 2 acc) Add (ListItem (Var 2 lst) (Var 2 i) (TypeParameter T [] Number) ()) (TypeParameter T [] Number) ()) ())]) (= (Var 2 _lpython_return_variable) (Var 2 acc) ()) (Return)] (Var 2 _lpython_return_variable) Source Public Implementation .false. ())}) [])
