([1m[35mTranslationUnit[39m[0m 
   ([33mSymbolTable[39m 
      1 
      {
         test_del: 
            ([1m[35mSubroutine[39m[0m 
               ([33mSymbolTable[39m 
                  2 
                  {
                     a: 
                        ([1m[35mVariable[39m[0m 
                           2 
                           a [1m[32m
                           Local[39m[0m () () [1m[32m
                           Default[39m[0m 
                           ([1m[35mInteger[39m[0m 4 []) [1m[32m
                           Source[39m[0m [1m[32m
                           Public[39m[0m [1m[32m
                           Required[39m[0m .false.), 
                     b: 
                        ([1m[35mVariable[39m[0m 
                           2 
                           b [1m[32m
                           Local[39m[0m () () [1m[32m
                           Default[39m[0m 
                           ([1m[35mInteger[39m[0m 4 []) [1m[32m
                           Source[39m[0m [1m[32m
                           Public[39m[0m [1m[32m
                           Required[39m[0m .false.)
                  }) 
               test_del [] [
               ([1m[35m=[39m[0m 
                  ([1m[35mVar[39m[0m 2 [33ma[39m) ([1m[35mIntegerConstant[39m[0m [36m4[39m 
                  ([1m[35mInteger[39m[0m 4 [])) ()) 
               ([1m[35m=[39m[0m 
                  ([1m[35mVar[39m[0m 2 [33mb[39m) ([1m[35mIntegerConstant[39m[0m [36m20[39m 
                  ([1m[35mInteger[39m[0m 4 [])) ()) 
               ([1m[35mExplicitDeallocate[39m[0m [2 [33ma[39m 2 [33mb[39m])] [1m[32m
               Source[39m[0m [1m[32m
               Public[39m[0m [1m[32m
               Implementation[39m[0m () .false. .false.)
      }) 
   [])
(TranslationUnit (SymbolTable 1 {main_program: (Program (SymbolTable 3 {}) main_program [] []), test_del: (Subroutine (SymbolTable 2 {a: (Variable 2 a Local () () Default (Integer 4 []) Source Public Required .false.), b: (Variable 2 b Local () () Default (Integer 4 []) Source Public Required .false.)}) test_del [] [(= (Var 2 a) (IntegerConstant 4 (Integer 4 [])) ()) (= (Var 2 b) (IntegerConstant 20 (Integer 4 [])) ()) (ExplicitDeallocate [2 a 2 b])] Source Public Implementation () .false. .false.)}) [])
