([1m[35mTranslationUnit[39m[0m 
   ([33mSymbolTable[39m 
      1 
      {
         g: 
            ([1m[35mFunction[39m[0m 
               ([33mSymbolTable[39m 
                  2 
                  {
                     _lpython_return_variable: 
                        ([1m[35mVariable[39m[0m 
                           2 
                           _lpython_return_variable [1m[32m
                           ReturnVar[39m[0m () () [1m[32m
                           Default[39m[0m 
                           ([1m[35mInteger[39m[0m 4 []) [1m[32m
                           Source[39m[0m [1m[32m
                           Public[39m[0m [1m[32m
                           Required[39m[0m .false.)
                  }) 
               g [] [
               ([1m[35m=[39m[0m 
                  ([1m[35mVar[39m[0m 2 [33m_lpython_return_variable[39m) ([1m[35mIntegerConstant[39m[0m [36m5[39m 
                  ([1m[35mInteger[39m[0m 4 [])) ()) 
               ([1m[35mReturn[39m[0m)] 
               ([1m[35mVar[39m[0m 2 [33m_lpython_return_variable[39m) [1m[32m
               Source[39m[0m [1m[32m
               Public[39m[0m [1m[32m
               Implementation[39m[0m ()), 
         gsubrout: 
            ([1m[35mSubroutine[39m[0m 
               ([33mSymbolTable[39m 
                  3 
                  {
                     x: 
                        ([1m[35mVariable[39m[0m 
                           3 
                           x [1m[32m
                           In[39m[0m () () [1m[32m
                           Default[39m[0m 
                           ([1m[35mInteger[39m[0m 4 []) [1m[32m
                           Source[39m[0m [1m[32m
                           Public[39m[0m [1m[32m
                           Required[39m[0m .false.)
                  }) 
               gsubrout [
               ([1m[35mVar[39m[0m 3 [33mx[39m)] [
               ([1m[35mPrint[39m[0m () [
                  ([1m[35mVar[39m[0m 3 [33mx[39m)] () ())] [1m[32m
               Source[39m[0m [1m[32m
               Public[39m[0m [1m[32m
               Implementation[39m[0m () .false. .false.), 
         test_fn1: 
            ([1m[35mSubroutine[39m[0m 
               ([33mSymbolTable[39m 
                  4 
                  {
                     __lcompilers_dummy: 
                        ([1m[35mVariable[39m[0m 
                           4 
                           __lcompilers_dummy [1m[32m
                           Local[39m[0m () () [1m[32m
                           Default[39m[0m 
                           ([1m[35mInteger[39m[0m 4 []) [1m[32m
                           Source[39m[0m [1m[32m
                           Public[39m[0m [1m[32m
                           Required[39m[0m .false.), 
                     i: 
                        ([1m[35mVariable[39m[0m 
                           4 
                           i [1m[32m
                           Local[39m[0m () () [1m[32m
                           Default[39m[0m 
                           ([1m[35mInteger[39m[0m 4 []) [1m[32m
                           Source[39m[0m [1m[32m
                           Public[39m[0m [1m[32m
                           Required[39m[0m .false.), 
                     j: 
                        ([1m[35mVariable[39m[0m 
                           4 
                           j [1m[32m
                           Local[39m[0m () () [1m[32m
                           Default[39m[0m 
                           ([1m[35mInteger[39m[0m 4 []) [1m[32m
                           Source[39m[0m [1m[32m
                           Public[39m[0m [1m[32m
                           Required[39m[0m .false.)
                  }) 
               test_fn1 [] [
               ([1m[35m=[39m[0m 
                  ([1m[35mVar[39m[0m 4 [33mi[39m) 
                  ([1m[35mFunctionCall[39m[0m 1 [33mg[39m () [] 
                     ([1m[35mInteger[39m[0m 4 []) () ()) ()) 
               ([1m[35m=[39m[0m 
                  ([1m[35mVar[39m[0m 4 [33mj[39m) 
                  ([1m[35mFunctionCall[39m[0m 1 [33mg[39m () [] 
                     ([1m[35mInteger[39m[0m 4 []) () ()) ()) 
               ([1m[35m=[39m[0m 
                  ([1m[35mVar[39m[0m 4 [33m__lcompilers_dummy[39m) 
                  ([1m[35mFunctionCall[39m[0m 1 [33mg[39m () [] 
                     ([1m[35mInteger[39m[0m 4 []) () ()) ()) 
               ([1m[35mSubroutineCall[39m[0m 1 [33mgsubrout[39m () [
                  (
                     ([1m[35mVar[39m[0m 4 [33mi[39m))] ())] [1m[32m
               Source[39m[0m [1m[32m
               Public[39m[0m [1m[32m
               Implementation[39m[0m () .false. .false.)
      }) 
   [
   ([1m[35mSubroutineCall[39m[0m 1 [33mtest_fn1[39m () [] ())])
(TranslationUnit (SymbolTable 1 {_lpython_main_program: (Subroutine (SymbolTable 6 {}) _lpython_main_program [] [(SubroutineCall 1 test_fn1 () [] ())] Source Public Implementation () .false. .false.), g: (Function (SymbolTable 2 {_lpython_return_variable: (Variable 2 _lpython_return_variable ReturnVar () () Default (Integer 4 []) Source Public Required .false.)}) g [] [(= (Var 2 _lpython_return_variable) (IntegerConstant 5 (Integer 4 [])) ()) (Return)] (Var 2 _lpython_return_variable) Source Public Implementation ()), gsubrout: (Subroutine (SymbolTable 3 {x: (Variable 3 x In () () Default (Integer 4 []) Source Public Required .false.)}) gsubrout [(Var 3 x)] [(Print () [(Var 3 x)] () ())] Source Public Implementation () .false. .false.), main_program: (Program (SymbolTable 5 {}) main_program [] [(SubroutineCall 1 _lpython_main_program () [] ())]), test_fn1: (Subroutine (SymbolTable 4 {__lcompilers_dummy: (Variable 4 __lcompilers_dummy Local () () Default (Integer 4 []) Source Public Required .false.), i: (Variable 4 i Local () () Default (Integer 4 []) Source Public Required .false.), j: (Variable 4 j Local () () Default (Integer 4 []) Source Public Required .false.)}) test_fn1 [] [(= (Var 4 i) (FunctionCall 1 g () [] (Integer 4 []) () ()) ()) (= (Var 4 j) (FunctionCall 1 g () [] (Integer 4 []) () ()) ()) (= (Var 4 __lcompilers_dummy) (FunctionCall 1 g () [] (Integer 4 []) () ()) ()) (SubroutineCall 1 gsubrout () [((Var 4 i))] ())] Source Public Implementation () .false. .false.)}) [])
