([1m[35mTranslationUnit[39m[0m 
   ([33mSymbolTable[39m 
      1 
      {
         check: 
            ([1m[35mFunction[39m[0m 
               ([33mSymbolTable[39m 
                  3 
                  {
                     _lpython_return_variable: 
                        ([1m[35mVariable[39m[0m 
                           3 
                           _lpython_return_variable [1m[32m
                           ReturnVar[39m[0m () () [1m[32m
                           Default[39m[0m 
                           ([1m[35mInteger[39m[0m 4 []) [1m[32m
                           Source[39m[0m [1m[32m
                           Public[39m[0m [1m[32m
                           Required[39m[0m .false.), 
                     a: 
                        ([1m[35mVariable[39m[0m 
                           3 
                           a [1m[32m
                           Local[39m[0m () () [1m[32m
                           Default[39m[0m 
                           ([1m[35mInteger[39m[0m 4 []) [1m[32m
                           Source[39m[0m [1m[32m
                           Public[39m[0m [1m[32m
                           Required[39m[0m .false.)
                  }) 
               check [] [
               ([1m[35m=[39m[0m 
                  ([1m[35mVar[39m[0m 3 [33ma[39m) 
                  ([1m[35mFunctionCall[39m[0m 1 [33mtest[39m () [
                     (([1m[35mIntegerConstant[39m[0m [36m2[39m 
                        ([1m[35mInteger[39m[0m 4 []))) 
                     (([1m[35mIntegerConstant[39m[0m [36m2[39m 
                        ([1m[35mInteger[39m[0m 4 [])))] 
                     ([1m[35mInteger[39m[0m 4 []) () ()) ()) 
               ([1m[35m=[39m[0m 
                  ([1m[35mVar[39m[0m 3 [33m_lpython_return_variable[39m) 
                  ([1m[35mVar[39m[0m 3 [33ma[39m) ()) 
               ([1m[35mReturn[39m[0m)] 
               ([1m[35mVar[39m[0m 3 [33m_lpython_return_variable[39m) [1m[32m
               Source[39m[0m [1m[32m
               Public[39m[0m [1m[32m
               Implementation[39m[0m ()), 
         main0: 
            ([1m[35mSubroutine[39m[0m 
               ([33mSymbolTable[39m 
                  4 
                  {
                     x: 
                        ([1m[35mVariable[39m[0m 
                           4 
                           x [1m[32m
                           Local[39m[0m () () [1m[32m
                           Default[39m[0m 
                           ([1m[35mInteger[39m[0m 4 []) [1m[32m
                           Source[39m[0m [1m[32m
                           Public[39m[0m [1m[32m
                           Required[39m[0m .false.)
                  }) 
               main0 [] [
               ([1m[35m=[39m[0m 
                  ([1m[35mVar[39m[0m 4 [33mx[39m) 
                  ([1m[35mFunctionCall[39m[0m 1 [33mcheck[39m () [] 
                     ([1m[35mInteger[39m[0m 4 []) () ()) ())] [1m[32m
               Source[39m[0m [1m[32m
               Public[39m[0m [1m[32m
               Implementation[39m[0m () .false. .false.), 
         test: 
            ([1m[35mFunction[39m[0m 
               ([33mSymbolTable[39m 
                  2 
                  {
                     _lpython_return_variable: 
                        ([1m[35mVariable[39m[0m 
                           2 
                           _lpython_return_variable [1m[32m
                           ReturnVar[39m[0m () () [1m[32m
                           Default[39m[0m 
                           ([1m[35mInteger[39m[0m 4 []) [1m[32m
                           Source[39m[0m [1m[32m
                           Public[39m[0m [1m[32m
                           Required[39m[0m .false.), 
                     a: 
                        ([1m[35mVariable[39m[0m 
                           2 
                           a [1m[32m
                           In[39m[0m () () [1m[32m
                           Default[39m[0m 
                           ([1m[35mInteger[39m[0m 4 []) [1m[32m
                           Source[39m[0m [1m[32m
                           Public[39m[0m [1m[32m
                           Required[39m[0m .false.), 
                     b: 
                        ([1m[35mVariable[39m[0m 
                           2 
                           b [1m[32m
                           In[39m[0m () () [1m[32m
                           Default[39m[0m 
                           ([1m[35mInteger[39m[0m 4 []) [1m[32m
                           Source[39m[0m [1m[32m
                           Public[39m[0m [1m[32m
                           Required[39m[0m .false.)
                  }) 
               test [
               ([1m[35mVar[39m[0m 2 [33ma[39m) 
               ([1m[35mVar[39m[0m 2 [33mb[39m)] [
               ([1m[35m=[39m[0m 
                  ([1m[35mVar[39m[0m 2 [33m_lpython_return_variable[39m) 
                  ([1m[35mIntegerBinOp[39m[0m 
                     ([1m[35mVar[39m[0m 2 [33ma[39m) [1m[32m
                     Pow[39m[0m 
                     ([1m[35mVar[39m[0m 2 [33mb[39m) 
                     ([1m[35mInteger[39m[0m 4 []) ()) ()) 
               ([1m[35mReturn[39m[0m)] 
               ([1m[35mVar[39m[0m 2 [33m_lpython_return_variable[39m) [1m[32m
               Source[39m[0m [1m[32m
               Public[39m[0m [1m[32m
               Implementation[39m[0m ())
      }) 
   [
   ([1m[35mSubroutineCall[39m[0m 1 [33mmain0[39m () [] ())])
(TranslationUnit (SymbolTable 1 {_lpython_main_program: (Subroutine (SymbolTable 6 {}) _lpython_main_program [] [(SubroutineCall 1 main0 () [] ())] Source Public Implementation () .false. .false.), check: (Function (SymbolTable 3 {_lpython_return_variable: (Variable 3 _lpython_return_variable ReturnVar () () Default (Integer 4 []) Source Public Required .false.), a: (Variable 3 a Local () () Default (Integer 4 []) Source Public Required .false.)}) check [] [(= (Var 3 a) (FunctionCall 1 test () [((IntegerConstant 2 (Integer 4 []))) ((IntegerConstant 2 (Integer 4 [])))] (Integer 4 []) () ()) ()) (= (Var 3 _lpython_return_variable) (Var 3 a) ()) (Return)] (Var 3 _lpython_return_variable) Source Public Implementation ()), main0: (Subroutine (SymbolTable 4 {x: (Variable 4 x Local () () Default (Integer 4 []) Source Public Required .false.)}) main0 [] [(= (Var 4 x) (FunctionCall 1 check () [] (Integer 4 []) () ()) ())] Source Public Implementation () .false. .false.), main_program: (Program (SymbolTable 5 {}) main_program [] [(SubroutineCall 1 _lpython_main_program () [] ())]), test: (Function (SymbolTable 2 {_lpython_return_variable: (Variable 2 _lpython_return_variable ReturnVar () () Default (Integer 4 []) Source Public Required .false.), a: (Variable 2 a In () () Default (Integer 4 []) Source Public Required .false.), b: (Variable 2 b In () () Default (Integer 4 []) Source Public Required .false.)}) test [(Var 2 a) (Var 2 b)] [(= (Var 2 _lpython_return_variable) (IntegerBinOp (Var 2 a) Pow (Var 2 b) (Integer 4 []) ()) ()) (Return)] (Var 2 _lpython_return_variable) Source Public Implementation ())}) [])
