([1m[35mTranslationUnit[39m[0m 
   ([33mSymbolTable[39m 
      1 
      {
         test_ifexp: 
            ([1m[35mSubroutine[39m[0m 
               ([33mSymbolTable[39m 
                  2 
                  {
                     a: 
                        ([1m[35mVariable[39m[0m 
                           2 
                           a [1m[32m
                           Local[39m[0m () () [1m[32m
                           Default[39m[0m 
                           ([1m[35mInteger[39m[0m 4 []) [1m[32m
                           Source[39m[0m [1m[32m
                           Public[39m[0m [1m[32m
                           Required[39m[0m .false.), 
                     b: 
                        ([1m[35mVariable[39m[0m 
                           2 
                           b [1m[32m
                           Local[39m[0m () () [1m[32m
                           Default[39m[0m 
                           ([1m[35mInteger[39m[0m 4 []) [1m[32m
                           Source[39m[0m [1m[32m
                           Public[39m[0m [1m[32m
                           Required[39m[0m .false.), 
                     c: 
                        ([1m[35mVariable[39m[0m 
                           2 
                           c [1m[32m
                           Local[39m[0m () () [1m[32m
                           Default[39m[0m 
                           ([1m[35mLogical[39m[0m 4 []) [1m[32m
                           Source[39m[0m [1m[32m
                           Public[39m[0m [1m[32m
                           Required[39m[0m .false.)
                  }) 
               test_ifexp [] [
               ([1m[35m=[39m[0m 
                  ([1m[35mVar[39m[0m 2 [33ma[39m) ([1m[35mIntegerConstant[39m[0m [36m2[39m 
                  ([1m[35mInteger[39m[0m 4 [])) ()) 
               ([1m[35m=[39m[0m 
                  ([1m[35mVar[39m[0m 2 [33mb[39m) 
                  ([1m[35mIfExp[39m[0m 
                     ([1m[35mIntegerCompare[39m[0m 
                        ([1m[35mVar[39m[0m 2 [33ma[39m) [1m[32m
                        Eq[39m[0m ([1m[35mIntegerConstant[39m[0m [36m2[39m 
                        ([1m[35mInteger[39m[0m 4 [])) 
                        ([1m[35mLogical[39m[0m 4 []) ()) ([1m[35mIntegerConstant[39m[0m [36m6[39m 
                     ([1m[35mInteger[39m[0m 4 [])) ([1m[35mIntegerConstant[39m[0m [36m8[39m 
                     ([1m[35mInteger[39m[0m 4 [])) 
                     ([1m[35mInteger[39m[0m 4 []) ()) ()) 
               ([1m[35m=[39m[0m 
                  ([1m[35mVar[39m[0m 2 [33mc[39m) 
                  ([1m[35mIfExp[39m[0m 
                     ([1m[35mIntegerCompare[39m[0m 
                        ([1m[35mVar[39m[0m 2 [33mb[39m) [1m[32m
                        Gt[39m[0m ([1m[35mIntegerConstant[39m[0m [36m5[39m 
                        ([1m[35mInteger[39m[0m 4 [])) 
                        ([1m[35mLogical[39m[0m 4 []) ()) 
                     ([1m[35mLogicalConstant[39m[0m .true. 
                        ([1m[35mLogical[39m[0m 4 [])) 
                     ([1m[35mLogicalConstant[39m[0m .false. 
                        ([1m[35mLogical[39m[0m 4 [])) 
                     ([1m[35mLogical[39m[0m 4 []) ()) ())] [1m[32m
               Source[39m[0m [1m[32m
               Public[39m[0m [1m[32m
               Implementation[39m[0m () .false. .false.)
      }) 
   [])
(TranslationUnit (SymbolTable 1 {main_program: (Program (SymbolTable 3 {}) main_program [] []), test_ifexp: (Subroutine (SymbolTable 2 {a: (Variable 2 a Local () () Default (Integer 4 []) Source Public Required .false.), b: (Variable 2 b Local () () Default (Integer 4 []) Source Public Required .false.), c: (Variable 2 c Local () () Default (Logical 4 []) Source Public Required .false.)}) test_ifexp [] [(= (Var 2 a) (IntegerConstant 2 (Integer 4 [])) ()) (= (Var 2 b) (IfExp (IntegerCompare (Var 2 a) Eq (IntegerConstant 2 (Integer 4 [])) (Logical 4 []) ()) (IntegerConstant 6 (Integer 4 [])) (IntegerConstant 8 (Integer 4 [])) (Integer 4 []) ()) ()) (= (Var 2 c) (IfExp (IntegerCompare (Var 2 b) Gt (IntegerConstant 5 (Integer 4 [])) (Logical 4 []) ()) (LogicalConstant .true. (Logical 4 [])) (LogicalConstant .false. (Logical 4 [])) (Logical 4 []) ()) ())] Source Public Implementation () .false. .false.)}) [])
