([1m[35mTranslationUnit[39m[0m 
   ([33mSymbolTable[39m 
      1 
      {
         test_cast: 
            ([1m[35mSubroutine[39m[0m 
               ([33mSymbolTable[39m 
                  2 
                  {
                     a: 
                        ([1m[35mVariable[39m[0m 
                           2 
                           a [1m[32m
                           Local[39m[0m () () [1m[32m
                           Default[39m[0m 
                           ([1m[35mInteger[39m[0m 4 []) [1m[32m
                           Source[39m[0m [1m[32m
                           Public[39m[0m [1m[32m
                           Required[39m[0m .false.), 
                     b: 
                        ([1m[35mVariable[39m[0m 
                           2 
                           b [1m[32m
                           Local[39m[0m () () [1m[32m
                           Default[39m[0m 
                           ([1m[35mReal[39m[0m 4 []) [1m[32m
                           Source[39m[0m [1m[32m
                           Public[39m[0m [1m[32m
                           Required[39m[0m .false.)
                  }) 
               test_cast [] [
               ([1m[35m=[39m[0m 
                  ([1m[35mVar[39m[0m 2 [33ma[39m) ([1m[35mIntegerConstant[39m[0m [36m2[39m 
                  ([1m[35mInteger[39m[0m 4 [])) ()) 
               ([1m[35m=[39m[0m 
                  ([1m[35mVar[39m[0m 2 [33mb[39m) 
                  ([1m[35mCast[39m[0m 
                     ([1m[35mRealConstant[39m[0m   4.20000000000000018e+00 
                        ([1m[35mReal[39m[0m 8 [])) [1m[32m
                     RealToReal[39m[0m 
                     ([1m[35mReal[39m[0m 4 []) 
                     ([1m[35mRealConstant[39m[0m   4.20000000000000018e+00 
                        ([1m[35mReal[39m[0m 4 []))) ()) 
               ([1m[35m=[39m[0m 
                  ([1m[35mVar[39m[0m 2 [33ma[39m) 
                  ([1m[35mRealBinOp[39m[0m 
                     ([1m[35mCast[39m[0m 
                        ([1m[35mVar[39m[0m 2 [33ma[39m) [1m[32m
                        IntegerToReal[39m[0m 
                        ([1m[35mReal[39m[0m 4 []) ()) [1m[32m
                     Mul[39m[0m 
                     ([1m[35mVar[39m[0m 2 [33mb[39m) 
                     ([1m[35mReal[39m[0m 4 []) ()) ()) 
               ([1m[35m=[39m[0m 
                  ([1m[35mVar[39m[0m 2 [33mb[39m) 
                  ([1m[35mRealBinOp[39m[0m 
                     ([1m[35mVar[39m[0m 2 [33mb[39m) [1m[32m
                     Add[39m[0m 
                     ([1m[35mCast[39m[0m ([1m[35mIntegerConstant[39m[0m [36m1[39m 
                        ([1m[35mInteger[39m[0m 4 [])) [1m[32m
                        IntegerToReal[39m[0m 
                        ([1m[35mReal[39m[0m 4 []) ()) 
                     ([1m[35mReal[39m[0m 4 []) ()) ()) 
               ([1m[35m=[39m[0m 
                  ([1m[35mVar[39m[0m 2 [33ma[39m) ([1m[35mIntegerConstant[39m[0m [36m5[39m 
                  ([1m[35mInteger[39m[0m 4 [])) ()) 
               ([1m[35m=[39m[0m 
                  ([1m[35mVar[39m[0m 2 [33ma[39m) 
                  ([1m[35mRealBinOp[39m[0m 
                     ([1m[35mCast[39m[0m 
                        ([1m[35mVar[39m[0m 2 [33ma[39m) [1m[32m
                        IntegerToReal[39m[0m 
                        ([1m[35mReal[39m[0m 8 []) ()) [1m[32m
                     Sub[39m[0m 
                     ([1m[35mRealConstant[39m[0m   3.89999999999999991e+00 
                        ([1m[35mReal[39m[0m 8 [])) 
                     ([1m[35mReal[39m[0m 8 []) ()) ()) 
               ([1m[35m=[39m[0m 
                  ([1m[35mVar[39m[0m 2 [33ma[39m) 
                  ([1m[35mRealBinOp[39m[0m 
                     ([1m[35mCast[39m[0m 
                        ([1m[35mVar[39m[0m 2 [33ma[39m) [1m[32m
                        IntegerToReal[39m[0m 
                        ([1m[35mReal[39m[0m 8 []) ()) [1m[32m
                     Div[39m[0m 
                     ([1m[35mVar[39m[0m 2 [33mb[39m) 
                     ([1m[35mReal[39m[0m 4 []) ()) ()) 
               ([1m[35m=[39m[0m 
                  ([1m[35mVar[39m[0m 2 [33mb[39m) 
                  ([1m[35mCast[39m[0m 
                     ([1m[35mRealBinOp[39m[0m 
                        ([1m[35mCast[39m[0m ([1m[35mIntegerConstant[39m[0m [36m3[39m 
                           ([1m[35mInteger[39m[0m 4 [])) [1m[32m
                           IntegerToReal[39m[0m 
                           ([1m[35mReal[39m[0m 8 []) ()) [1m[32m
                        Div[39m[0m 
                        ([1m[35mCast[39m[0m ([1m[35mIntegerConstant[39m[0m [36m4[39m 
                           ([1m[35mInteger[39m[0m 4 [])) [1m[32m
                           IntegerToReal[39m[0m 
                           ([1m[35mReal[39m[0m 8 []) ()) 
                        ([1m[35mReal[39m[0m 8 []) ()) [1m[32m
                     RealToReal[39m[0m 
                     ([1m[35mReal[39m[0m 4 []) ()) ()) 
               ([1m[35mIf[39m[0m 
                  ([1m[35mRealCompare[39m[0m 
                     ([1m[35mCast[39m[0m 
                        ([1m[35mVar[39m[0m 2 [33ma[39m) [1m[32m
                        IntegerToReal[39m[0m 
                        ([1m[35mReal[39m[0m 4 []) ()) [1m[32m
                     Lt[39m[0m 
                     ([1m[35mVar[39m[0m 2 [33mb[39m) 
                     ([1m[35mLogical[39m[0m 4 []) ()) [
                  ([1m[35mPrint[39m[0m () [
                     ([1m[35mStringConstant[39m[0m "a < b" 
                        ([1m[35mCharacter[39m[0m 1 5 () []))] () ())] [])] [1m[32m
               Source[39m[0m [1m[32m
               Public[39m[0m [1m[32m
               Implementation[39m[0m () .false. .false.)
      }) 
   [])
(TranslationUnit (SymbolTable 1 {main_program: (Program (SymbolTable 3 {}) main_program [] []), test_cast: (Subroutine (SymbolTable 2 {a: (Variable 2 a Local () () Default (Integer 4 []) Source Public Required .false.), b: (Variable 2 b Local () () Default (Real 4 []) Source Public Required .false.)}) test_cast [] [(= (Var 2 a) (IntegerConstant 2 (Integer 4 [])) ()) (= (Var 2 b) (Cast (RealConstant   4.20000000000000018e+00 (Real 8 [])) RealToReal (Real 4 []) (RealConstant   4.20000000000000018e+00 (Real 4 []))) ()) (= (Var 2 a) (RealBinOp (Cast (Var 2 a) IntegerToReal (Real 4 []) ()) Mul (Var 2 b) (Real 4 []) ()) ()) (= (Var 2 b) (RealBinOp (Var 2 b) Add (Cast (IntegerConstant 1 (Integer 4 [])) IntegerToReal (Real 4 []) ()) (Real 4 []) ()) ()) (= (Var 2 a) (IntegerConstant 5 (Integer 4 [])) ()) (= (Var 2 a) (RealBinOp (Cast (Var 2 a) IntegerToReal (Real 8 []) ()) Sub (RealConstant   3.89999999999999991e+00 (Real 8 [])) (Real 8 []) ()) ()) (= (Var 2 a) (RealBinOp (Cast (Var 2 a) IntegerToReal (Real 8 []) ()) Div (Var 2 b) (Real 4 []) ()) ()) (= (Var 2 b) (Cast (RealBinOp (Cast (IntegerConstant 3 (Integer 4 [])) IntegerToReal (Real 8 []) ()) Div (Cast (IntegerConstant 4 (Integer 4 [])) IntegerToReal (Real 8 []) ()) (Real 8 []) ()) RealToReal (Real 4 []) ()) ()) (If (RealCompare (Cast (Var 2 a) IntegerToReal (Real 4 []) ()) Lt (Var 2 b) (Logical 4 []) ()) [(Print () [(StringConstant "a < b" (Character 1 5 () []))] () ())] [])] Source Public Implementation () .false. .false.)}) [])
