([1m[35mTranslationUnit[39m[0m 
   ([33mSymbolTable[39m 
      1 
      {
         test_pass: 
            ([1m[35mSubroutine[39m[0m 
               ([33mSymbolTable[39m 
                  2 
                  {
                     a: 
                        ([1m[35mVariable[39m[0m 
                           2 
                           a [1m[32m
                           Local[39m[0m () () [1m[32m
                           Default[39m[0m 
                           ([1m[35mInteger[39m[0m 4 []) [1m[32m
                           Source[39m[0m [1m[32m
                           Public[39m[0m [1m[32m
                           Required[39m[0m .false.)
                  }) 
               test_pass [] [
               ([1m[35m=[39m[0m 
                  ([1m[35mVar[39m[0m 2 [33ma[39m) ([1m[35mIntegerConstant[39m[0m [36m1[39m 
                  ([1m[35mInteger[39m[0m 4 [])) ()) 
               ([1m[35mWhileLoop[39m[0m 
                  ([1m[35mIntegerCompare[39m[0m 
                     ([1m[35mVar[39m[0m 2 [33ma[39m) [1m[32m
                     Gt[39m[0m ([1m[35mIntegerConstant[39m[0m [36m0[39m 
                     ([1m[35mInteger[39m[0m 4 [])) 
                     ([1m[35mLogical[39m[0m 4 []) ()) [])] [1m[32m
               Source[39m[0m [1m[32m
               Public[39m[0m [1m[32m
               Implementation[39m[0m () .false. .false.)
      }) 
   [])
(TranslationUnit (SymbolTable 1 {main_program: (Program (SymbolTable 3 {}) main_program [] []), test_pass: (Subroutine (SymbolTable 2 {a: (Variable 2 a Local () () Default (Integer 4 []) Source Public Required .false.)}) test_pass [] [(= (Var 2 a) (IntegerConstant 1 (Integer 4 [])) ()) (WhileLoop (IntegerCompare (Var 2 a) Gt (IntegerConstant 0 (Integer 4 [])) (Logical 4 []) ()) [])] Source Public Implementation () .false. .false.)}) [])
