(TranslationUnit (SymbolTable 1 {T: (Variable 1 T Local () () Default (TypeVar "T") Source Public Required .false.), main_program: (Program (SymbolTable 2 {}) main_program [] [])}) [])
