(Module [(FunctionDef func ([] [] [] [] [] [] []) [(AnnAssign (Name x Store) (Subscript (Name list Load) (Name i32 Load) Load) () 1) (Assign [(Name x Store)] (List [(ConstantInt 1 ()) (ConstantInt 2 ()) (ConstantInt 3 ())] Load) ()) (AnnAssign (Name i Store) (Name i32 Load) () 1) (For (Name i Store) (Name x Load) [(Expr (Yield (Name i Load)))] [] ()) (For (Name i Store) (Name x Load) [(Expr (Yield (Name i Load)))] [] ()) (For (Name i Store) (Name x Load) [(Expr (Yield (Tuple [] Load)))] [] ()) (For (Name _ Store) (Name x Load) [(Expr (Yield ()))] [] ())] [] () ())] [])
